// Jest Snapshot v1, https://goo.gl/fbAQLP

exports[`News List Component should render component correctly 1`] = `
<div>
  <div
    className="loading"
  >
    <div
      className="undefined"
    >
      <div
        className="lds-dual-ring"
      />
    </div>
  </div>
</div>
`;

exports[`News List Component should render component correctly 2`] = `
<div>
  <div
    className="loading"
  >
    <div
      className="undefined"
    >
      <div
        className="lds-dual-ring"
      />
    </div>
  </div>
</div>
`;
