// Jest Snapshot v1, https://goo.gl/fbAQLP

exports[`ClinicList Component should render component correctly 1`] = `
Array [
  <div
    className="header-container"
  >
    <header
      className="site-nav site-nav-container"
    >
      <div
        className="site-nav-desktop-only align-center"
      >
        <div
          className="header-logo"
        >
          <a
            href="/"
          >
            <img
              alt="HiClinic Logo"
              src="logo.png"
            />
          </a>
        </div>
        <ul
          className="site-nav-desktop-nav"
        >
          <li
            className="site-nav-desktop-item"
          >
            <a
              href="/"
            >
              Your Link
            </a>
          </li>
          <li
            className="site-nav-desktop-item"
          >
            <a
              href="/"
            >
              Your Link
            </a>
          </li>
          <li
            className="site-nav-desktop-item"
          >
            <a
              href="/"
            >
              Your Link
            </a>
          </li>
          <li
            className="site-nav-desktop-item"
          >
            <a
              href="/"
            >
              Your Link
            </a>
          </li>
        </ul>
      </div>
      <div
        className="site-nav-mobile-only site-nav-mobile-menu align-center"
      >
        <a
          href="#"
        >
          <svg
            className="hamburger-button"
            fill="currentColor"
            height="1em"
            stroke="currentColor"
            strokeWidth="0"
            style={
              Object {
                "color": undefined,
              }
            }
            viewBox="0 0 1024 1024"
            width="1em"
            xmlns="http://www.w3.org/2000/svg"
          >
            <path
              d="M904 160H120c-4.4 0-8 3.6-8 8v64c0 4.4 3.6 8 8 8h784c4.4 0 8-3.6 8-8v-64c0-4.4-3.6-8-8-8zm0 624H120c-4.4 0-8 3.6-8 8v64c0 4.4 3.6 8 8 8h784c4.4 0 8-3.6 8-8v-64c0-4.4-3.6-8-8-8zm0-312H120c-4.4 0-8 3.6-8 8v64c0 4.4 3.6 8 8 8h784c4.4 0 8-3.6 8-8v-64c0-4.4-3.6-8-8-8z"
            />
          </svg>
        </a>
        <div
          className="dropdown-content"
        >
          <a
            href="#"
          >
            Sign up
          </a>
          <a
            href="#"
          >
            Your link
          </a>
          <a
            href="#"
          >
            Your link
          </a>
          <a
            href="#"
          >
            Your link
          </a>
          <a
            href="#"
          >
            Your link
          </a>
          <a
            href="#"
          >
            Your link
          </a>
        </div>
      </div>
      <div
        className="site-nav-mobile-only mobile-logo"
      >
        <a
          href="/"
        >
          <img
            alt="HiClinic Logo"
            src="logo.png"
          />
        </a>
      </div>
      <ul
        className="site-nav-action"
      >
        <li
          className="direct-menu "
        >
          <div
            className="dropdown"
            style={
              Object {
                "float": "right",
              }
            }
          >
            <button
              className="dropbtn"
            >
              <svg
                fill="currentColor"
                height="1em"
                stroke="currentColor"
                strokeWidth="0"
                style={
                  Object {
                    "color": undefined,
                  }
                }
                viewBox="0 0 448 512"
                width="1em"
                xmlns="http://www.w3.org/2000/svg"
              >
                <path
                  d="M432 416H16a16 16 0 0 0-16 16v32a16 16 0 0 0 16 16h416a16 16 0 0 0 16-16v-32a16 16 0 0 0-16-16zm0-128H16a16 16 0 0 0-16 16v32a16 16 0 0 0 16 16h416a16 16 0 0 0 16-16v-32a16 16 0 0 0-16-16zm0-128H16a16 16 0 0 0-16 16v32a16 16 0 0 0 16 16h416a16 16 0 0 0 16-16v-32a16 16 0 0 0-16-16zm0-128H16A16 16 0 0 0 0 48v32a16 16 0 0 0 16 16h416a16 16 0 0 0 16-16V48a16 16 0 0 0-16-16z"
                />
              </svg>
            </button>
            <div
              className="dr-dropdown-content"
            >
              <p>
                welcome
                 (User name)
              </p>
              <div
                className="search-on-menu"
              >
                <input
                  className="search-on-menu-input"
                />
                <i
                  className="fa fa-search"
                  style={
                    Object {
                      "fontSize": "20px",
                    }
                  }
                />
              </div>
              <a
                href="/"
              >
                <svg
                  fill="currentColor"
                  height="1em"
                  stroke="currentColor"
                  strokeWidth="0"
                  style={
                    Object {
                      "color": undefined,
                    }
                  }
                  viewBox="0 0 576 512"
                  width="1em"
                  xmlns="http://www.w3.org/2000/svg"
                >
                  <path
                    d="M552 64H88c-13.255 0-24 10.745-24 24v8H24c-13.255 0-24 10.745-24 24v272c0 30.928 25.072 56 56 56h472c26.51 0 48-21.49 48-48V88c0-13.255-10.745-24-24-24zM56 400a8 8 0 0 1-8-8V144h16v248a8 8 0 0 1-8 8zm236-16H140c-6.627 0-12-5.373-12-12v-8c0-6.627 5.373-12 12-12h152c6.627 0 12 5.373 12 12v8c0 6.627-5.373 12-12 12zm208 0H348c-6.627 0-12-5.373-12-12v-8c0-6.627 5.373-12 12-12h152c6.627 0 12 5.373 12 12v8c0 6.627-5.373 12-12 12zm-208-96H140c-6.627 0-12-5.373-12-12v-8c0-6.627 5.373-12 12-12h152c6.627 0 12 5.373 12 12v8c0 6.627-5.373 12-12 12zm208 0H348c-6.627 0-12-5.373-12-12v-8c0-6.627 5.373-12 12-12h152c6.627 0 12 5.373 12 12v8c0 6.627-5.373 12-12 12zm0-96H140c-6.627 0-12-5.373-12-12v-40c0-6.627 5.373-12 12-12h360c6.627 0 12 5.373 12 12v40c0 6.627-5.373 12-12 12z"
                  />
                </svg>
                  
                news
              </a>
              <a
                href="/"
              >
                <svg
                  fill="currentColor"
                  height="1em"
                  stroke="currentColor"
                  strokeWidth="0"
                  style={
                    Object {
                      "color": undefined,
                    }
                  }
                  viewBox="0 0 496 512"
                  width="1em"
                  xmlns="http://www.w3.org/2000/svg"
                >
                  <path
                    d="M248 8C111 8 0 119 0 256s111 248 248 248 248-111 248-248S385 8 248 8zm0 96c48.6 0 88 39.4 88 88s-39.4 88-88 88-88-39.4-88-88 39.4-88 88-88zm0 344c-58.7 0-111.3-26.6-146.5-68.2 18.8-35.4 55.6-59.8 98.5-59.8 2.4 0 4.8.4 7.1 1.1 13 4.2 26.6 6.9 40.9 6.9 14.3 0 28-2.7 40.9-6.9 2.3-.7 4.7-1.1 7.1-1.1 42.9 0 79.7 24.4 98.5 59.8C359.3 421.4 306.7 448 248 448z"
                  />
                </svg>
                  
                profile
              </a>
              <a
                className="signout-area"
                href="/"
              >
                <svg
                  fill="currentColor"
                  height="1em"
                  stroke="currentColor"
                  strokeWidth="0"
                  style={
                    Object {
                      "color": undefined,
                    }
                  }
                  viewBox="0 0 512 512"
                  width="1em"
                  xmlns="http://www.w3.org/2000/svg"
                >
                  <path
                    d="M8 256c0 137 111 248 248 248s248-111 248-248S393 8 256 8 8 119 8 256zm448 0c0 110.5-89.5 200-200 200S56 366.5 56 256 145.5 56 256 56s200 89.5 200 200zm-72-20v40c0 6.6-5.4 12-12 12H256v67c0 10.7-12.9 16-20.5 8.5l-99-99c-4.7-4.7-4.7-12.3 0-17l99-99c7.6-7.6 20.5-2.2 20.5 8.5v67h116c6.6 0 12 5.4 12 12z"
                  />
                </svg>
                  
                signOut
              </a>
            </div>
          </div>
        </li>
      </ul>
    </header>
  </div>,
  <div
    className="container"
  >
    <div
      className="clinicList-search-bar"
    >
      <div
        className="loading"
      >
        <div
          className="undefined"
        >
          <div
            className="lds-dual-ring"
          />
        </div>
      </div>
    </div>
    <div
      className="select-group"
    >
      <select
        className="style-option"
        id="grid-list"
        onChange={[Function]}
      >
        <option
          value="grid"
        >
           Grid 
        </option>
        <option
          value="list"
        >
           List 
        </option>
      </select>
      <select
        className="sort-option"
        id="sort-list"
        onChange={[Function]}
      >
        <option
          value="alphabet inc"
        >
           A - Z 
        </option>
        <option
          value="alphabet desc"
        >
           Z - A 
        </option>
      </select>
    </div>
    <div
      className="loading"
    >
      <div
        className="undefined"
      >
        <div
          className="lds-dual-ring"
        />
      </div>
    </div>
  </div>,
  <footer>
    <div
      className="footer-container"
    >
      <div
        className="footer-copyright"
      >
        <p>
          © 2021 HiClinic Inc. All Rights Reserved.
        </p>
        <ul
          className="terms-and-conditions"
        >
          <li>
            <a
              href="#"
            >
              Terms of Use
            </a>
          </li>
          <li>
            <a
              href="#"
            >
              Legal Notices
            </a>
          </li>
          <li>
            <a
              href="#"
            >
              Privacy & Security
            </a>
          </li>
        </ul>
      </div>
      <ul
        className="social-icons"
      >
        <li>
          <a
            href="#"
          >
            <svg
              className="linkedin-icon"
              fill="currentColor"
              height="1em"
              stroke="currentColor"
              strokeWidth="0"
              style={
                Object {
                  "color": undefined,
                }
              }
              viewBox="0 0 448 512"
              width="1em"
              xmlns="http://www.w3.org/2000/svg"
            >
              <path
                d="M416 32H31.9C14.3 32 0 46.5 0 64.3v383.4C0 465.5 14.3 480 31.9 480H416c17.6 0 32-14.5 32-32.3V64.3c0-17.8-14.4-32.3-32-32.3zM135.4 416H69V202.2h66.5V416zm-33.2-243c-21.3 0-38.5-17.3-38.5-38.5S80.9 96 102.2 96c21.2 0 38.5 17.3 38.5 38.5 0 21.3-17.2 38.5-38.5 38.5zm282.1 243h-66.4V312c0-24.8-.5-56.7-34.5-56.7-34.6 0-39.9 27-39.9 54.9V416h-66.4V202.2h63.7v29.2h.9c8.9-16.8 30.6-34.5 62.9-34.5 67.2 0 79.7 44.3 79.7 101.9V416z"
              />
            </svg>
          </a>
        </li>
        <li>
          <a
            href="#"
          >
            <svg
              className="facebook-icon"
              fill="currentColor"
              height="1em"
              stroke="currentColor"
              strokeWidth="0"
              style={
                Object {
                  "color": undefined,
                }
              }
              viewBox="0 0 448 512"
              width="1em"
              xmlns="http://www.w3.org/2000/svg"
            >
              <path
                d="M400 32H48A48 48 0 0 0 0 80v352a48 48 0 0 0 48 48h137.25V327.69h-63V256h63v-54.64c0-62.15 37-96.48 93.67-96.48 27.14 0 55.52 4.84 55.52 4.84v61h-31.27c-30.81 0-40.42 19.12-40.42 38.73V256h68.78l-11 71.69h-57.78V480H400a48 48 0 0 0 48-48V80a48 48 0 0 0-48-48z"
              />
            </svg>
          </a>
        </li>
        <li>
          <a
            href=""
          >
            <svg
              className="youtube-icon"
              fill="currentColor"
              height="1em"
              stroke="currentColor"
              strokeWidth="0"
              style={
                Object {
                  "color": undefined,
                }
              }
              viewBox="0 0 448 512"
              width="1em"
              xmlns="http://www.w3.org/2000/svg"
            >
              <path
                d="M186.8 202.1l95.2 54.1-95.2 54.1V202.1zM448 80v352c0 26.5-21.5 48-48 48H48c-26.5 0-48-21.5-48-48V80c0-26.5 21.5-48 48-48h352c26.5 0 48 21.5 48 48zm-42 176.3s0-59.6-7.6-88.2c-4.2-15.8-16.5-28.2-32.2-32.4C337.9 128 224 128 224 128s-113.9 0-142.2 7.7c-15.7 4.2-28 16.6-32.2 32.4-7.6 28.5-7.6 88.2-7.6 88.2s0 59.6 7.6 88.2c4.2 15.8 16.5 27.7 32.2 31.9C110.1 384 224 384 224 384s113.9 0 142.2-7.7c15.7-4.2 28-16.1 32.2-31.9 7.6-28.5 7.6-88.1 7.6-88.1z"
              />
            </svg>
          </a>
        </li>
      </ul>
    </div>
  </footer>,
]
`;

exports[`Login Component should render component correctly 1`] = `
Array [
  <div
    className="header-container"
  >
    <header
      className="site-nav site-nav-container"
    >
      <div
        className="site-nav-desktop-only align-center"
      >
        <div
          className="header-logo"
        >
          <a
            href="/"
          >
            <img
              alt="HiClinic Logo"
              src="logo.png"
            />
          </a>
        </div>
        <ul
          className="site-nav-desktop-nav"
        >
          <li
            className="site-nav-desktop-item"
          >
            <a
              href="/"
            >
              Your Link
            </a>
          </li>
          <li
            className="site-nav-desktop-item"
          >
            <a
              href="/"
            >
              Your Link
            </a>
          </li>
          <li
            className="site-nav-desktop-item"
          >
            <a
              href="/"
            >
              Your Link
            </a>
          </li>
          <li
            className="site-nav-desktop-item"
          >
            <a
              href="/"
            >
              Your Link
            </a>
          </li>
        </ul>
      </div>
      <div
        className="site-nav-mobile-only site-nav-mobile-menu align-center"
      >
        <a
          href="#"
        >
          <svg
            className="hamburger-button"
            fill="currentColor"
            height="1em"
            stroke="currentColor"
            strokeWidth="0"
            style={
              Object {
                "color": undefined,
              }
            }
            viewBox="0 0 1024 1024"
            width="1em"
            xmlns="http://www.w3.org/2000/svg"
          >
            <path
              d="M904 160H120c-4.4 0-8 3.6-8 8v64c0 4.4 3.6 8 8 8h784c4.4 0 8-3.6 8-8v-64c0-4.4-3.6-8-8-8zm0 624H120c-4.4 0-8 3.6-8 8v64c0 4.4 3.6 8 8 8h784c4.4 0 8-3.6 8-8v-64c0-4.4-3.6-8-8-8zm0-312H120c-4.4 0-8 3.6-8 8v64c0 4.4 3.6 8 8 8h784c4.4 0 8-3.6 8-8v-64c0-4.4-3.6-8-8-8z"
            />
          </svg>
        </a>
        <div
          className="dropdown-content"
        >
          <a
            href="#"
          >
            Sign up
          </a>
          <a
            href="#"
          >
            Your link
          </a>
          <a
            href="#"
          >
            Your link
          </a>
          <a
            href="#"
          >
            Your link
          </a>
          <a
            href="#"
          >
            Your link
          </a>
          <a
            href="#"
          >
            Your link
          </a>
        </div>
      </div>
      <div
        className="site-nav-mobile-only mobile-logo"
      >
        <a
          href="/"
        >
          <img
            alt="HiClinic Logo"
            src="logo.png"
          />
        </a>
      </div>
      <ul
        className="site-nav-action"
      >
        <li
          className="direct-menu "
        >
          <div
            className="dropdown"
            style={
              Object {
                "float": "right",
              }
            }
          >
            <button
              className="dropbtn"
            >
              <svg
                fill="currentColor"
                height="1em"
                stroke="currentColor"
                strokeWidth="0"
                style={
                  Object {
                    "color": undefined,
                  }
                }
                viewBox="0 0 448 512"
                width="1em"
                xmlns="http://www.w3.org/2000/svg"
              >
                <path
                  d="M432 416H16a16 16 0 0 0-16 16v32a16 16 0 0 0 16 16h416a16 16 0 0 0 16-16v-32a16 16 0 0 0-16-16zm0-128H16a16 16 0 0 0-16 16v32a16 16 0 0 0 16 16h416a16 16 0 0 0 16-16v-32a16 16 0 0 0-16-16zm0-128H16a16 16 0 0 0-16 16v32a16 16 0 0 0 16 16h416a16 16 0 0 0 16-16v-32a16 16 0 0 0-16-16zm0-128H16A16 16 0 0 0 0 48v32a16 16 0 0 0 16 16h416a16 16 0 0 0 16-16V48a16 16 0 0 0-16-16z"
                />
              </svg>
            </button>
            <div
              className="dr-dropdown-content"
            >
              <p>
                welcome
                 (User name)
              </p>
              <div
                className="search-on-menu"
              >
                <input
                  className="search-on-menu-input"
                />
                <i
                  className="fa fa-search"
                  style={
                    Object {
                      "fontSize": "20px",
                    }
                  }
                />
              </div>
              <a
                href="/"
              >
                <svg
                  fill="currentColor"
                  height="1em"
                  stroke="currentColor"
                  strokeWidth="0"
                  style={
                    Object {
                      "color": undefined,
                    }
                  }
                  viewBox="0 0 576 512"
                  width="1em"
                  xmlns="http://www.w3.org/2000/svg"
                >
                  <path
                    d="M552 64H88c-13.255 0-24 10.745-24 24v8H24c-13.255 0-24 10.745-24 24v272c0 30.928 25.072 56 56 56h472c26.51 0 48-21.49 48-48V88c0-13.255-10.745-24-24-24zM56 400a8 8 0 0 1-8-8V144h16v248a8 8 0 0 1-8 8zm236-16H140c-6.627 0-12-5.373-12-12v-8c0-6.627 5.373-12 12-12h152c6.627 0 12 5.373 12 12v8c0 6.627-5.373 12-12 12zm208 0H348c-6.627 0-12-5.373-12-12v-8c0-6.627 5.373-12 12-12h152c6.627 0 12 5.373 12 12v8c0 6.627-5.373 12-12 12zm-208-96H140c-6.627 0-12-5.373-12-12v-8c0-6.627 5.373-12 12-12h152c6.627 0 12 5.373 12 12v8c0 6.627-5.373 12-12 12zm208 0H348c-6.627 0-12-5.373-12-12v-8c0-6.627 5.373-12 12-12h152c6.627 0 12 5.373 12 12v8c0 6.627-5.373 12-12 12zm0-96H140c-6.627 0-12-5.373-12-12v-40c0-6.627 5.373-12 12-12h360c6.627 0 12 5.373 12 12v40c0 6.627-5.373 12-12 12z"
                  />
                </svg>
                  
                news
              </a>
              <a
                href="/"
              >
                <svg
                  fill="currentColor"
                  height="1em"
                  stroke="currentColor"
                  strokeWidth="0"
                  style={
                    Object {
                      "color": undefined,
                    }
                  }
                  viewBox="0 0 496 512"
                  width="1em"
                  xmlns="http://www.w3.org/2000/svg"
                >
                  <path
                    d="M248 8C111 8 0 119 0 256s111 248 248 248 248-111 248-248S385 8 248 8zm0 96c48.6 0 88 39.4 88 88s-39.4 88-88 88-88-39.4-88-88 39.4-88 88-88zm0 344c-58.7 0-111.3-26.6-146.5-68.2 18.8-35.4 55.6-59.8 98.5-59.8 2.4 0 4.8.4 7.1 1.1 13 4.2 26.6 6.9 40.9 6.9 14.3 0 28-2.7 40.9-6.9 2.3-.7 4.7-1.1 7.1-1.1 42.9 0 79.7 24.4 98.5 59.8C359.3 421.4 306.7 448 248 448z"
                  />
                </svg>
                  
                profile
              </a>
              <a
                className="signout-area"
                href="/"
              >
                <svg
                  fill="currentColor"
                  height="1em"
                  stroke="currentColor"
                  strokeWidth="0"
                  style={
                    Object {
                      "color": undefined,
                    }
                  }
                  viewBox="0 0 512 512"
                  width="1em"
                  xmlns="http://www.w3.org/2000/svg"
                >
                  <path
                    d="M8 256c0 137 111 248 248 248s248-111 248-248S393 8 256 8 8 119 8 256zm448 0c0 110.5-89.5 200-200 200S56 366.5 56 256 145.5 56 256 56s200 89.5 200 200zm-72-20v40c0 6.6-5.4 12-12 12H256v67c0 10.7-12.9 16-20.5 8.5l-99-99c-4.7-4.7-4.7-12.3 0-17l99-99c7.6-7.6 20.5-2.2 20.5 8.5v67h116c6.6 0 12 5.4 12 12z"
                  />
                </svg>
                  
                signOut
              </a>
            </div>
          </div>
        </li>
      </ul>
    </header>
  </div>,
  <div
    className="container"
  >
    <div
      className="clinicList-search-bar"
    >
      <div
        className="loading"
      >
        <div
          className="undefined"
        >
          <div
            className="lds-dual-ring"
          />
        </div>
      </div>
    </div>
    <div
      className="select-group"
    >
      <select
        className="style-option"
        id="grid-list"
        onChange={[Function]}
      >
        <option
          value="grid"
        >
           Grid 
        </option>
        <option
          value="list"
        >
           List 
        </option>
      </select>
      <select
        className="sort-option"
        id="sort-list"
        onChange={[Function]}
      >
        <option
          value="alphabet inc"
        >
           A - Z 
        </option>
        <option
          value="alphabet desc"
        >
           Z - A 
        </option>
      </select>
    </div>
    <div
      className="loading"
    >
      <div
        className="undefined"
      >
        <div
          className="lds-dual-ring"
        />
      </div>
    </div>
  </div>,
  <footer>
    <div
      className="footer-container"
    >
      <div
        className="footer-copyright"
      >
        <p>
          © 2021 HiClinic Inc. All Rights Reserved.
        </p>
        <ul
          className="terms-and-conditions"
        >
          <li>
            <a
              href="#"
            >
              Terms of Use
            </a>
          </li>
          <li>
            <a
              href="#"
            >
              Legal Notices
            </a>
          </li>
          <li>
            <a
              href="#"
            >
              Privacy & Security
            </a>
          </li>
        </ul>
      </div>
      <ul
        className="social-icons"
      >
        <li>
          <a
            href="#"
          >
            <svg
              className="linkedin-icon"
              fill="currentColor"
              height="1em"
              stroke="currentColor"
              strokeWidth="0"
              style={
                Object {
                  "color": undefined,
                }
              }
              viewBox="0 0 448 512"
              width="1em"
              xmlns="http://www.w3.org/2000/svg"
            >
              <path
                d="M416 32H31.9C14.3 32 0 46.5 0 64.3v383.4C0 465.5 14.3 480 31.9 480H416c17.6 0 32-14.5 32-32.3V64.3c0-17.8-14.4-32.3-32-32.3zM135.4 416H69V202.2h66.5V416zm-33.2-243c-21.3 0-38.5-17.3-38.5-38.5S80.9 96 102.2 96c21.2 0 38.5 17.3 38.5 38.5 0 21.3-17.2 38.5-38.5 38.5zm282.1 243h-66.4V312c0-24.8-.5-56.7-34.5-56.7-34.6 0-39.9 27-39.9 54.9V416h-66.4V202.2h63.7v29.2h.9c8.9-16.8 30.6-34.5 62.9-34.5 67.2 0 79.7 44.3 79.7 101.9V416z"
              />
            </svg>
          </a>
        </li>
        <li>
          <a
            href="#"
          >
            <svg
              className="facebook-icon"
              fill="currentColor"
              height="1em"
              stroke="currentColor"
              strokeWidth="0"
              style={
                Object {
                  "color": undefined,
                }
              }
              viewBox="0 0 448 512"
              width="1em"
              xmlns="http://www.w3.org/2000/svg"
            >
              <path
                d="M400 32H48A48 48 0 0 0 0 80v352a48 48 0 0 0 48 48h137.25V327.69h-63V256h63v-54.64c0-62.15 37-96.48 93.67-96.48 27.14 0 55.52 4.84 55.52 4.84v61h-31.27c-30.81 0-40.42 19.12-40.42 38.73V256h68.78l-11 71.69h-57.78V480H400a48 48 0 0 0 48-48V80a48 48 0 0 0-48-48z"
              />
            </svg>
          </a>
        </li>
        <li>
          <a
            href=""
          >
            <svg
              className="youtube-icon"
              fill="currentColor"
              height="1em"
              stroke="currentColor"
              strokeWidth="0"
              style={
                Object {
                  "color": undefined,
                }
              }
              viewBox="0 0 448 512"
              width="1em"
              xmlns="http://www.w3.org/2000/svg"
            >
              <path
                d="M186.8 202.1l95.2 54.1-95.2 54.1V202.1zM448 80v352c0 26.5-21.5 48-48 48H48c-26.5 0-48-21.5-48-48V80c0-26.5 21.5-48 48-48h352c26.5 0 48 21.5 48 48zm-42 176.3s0-59.6-7.6-88.2c-4.2-15.8-16.5-28.2-32.2-32.4C337.9 128 224 128 224 128s-113.9 0-142.2 7.7c-15.7 4.2-28 16.6-32.2 32.4-7.6 28.5-7.6 88.2-7.6 88.2s0 59.6 7.6 88.2c4.2 15.8 16.5 27.7 32.2 31.9C110.1 384 224 384 224 384s113.9 0 142.2-7.7c15.7-4.2 28-16.1 32.2-31.9 7.6-28.5 7.6-88.1 7.6-88.1z"
              />
            </svg>
          </a>
        </li>
      </ul>
    </div>
  </footer>,
]
`;
